     1                                  ; memory1.asm
     2                                  
     3                                  section .data                     ; Constant data seection
     4 00000000 7B                          bNum           db 123         ; 8-bit integer
     5 00000001 3930                        wNum           dw 12345       ; 16-bit integer
     6 00000003 39300000                    dNum           dd 12345       ; 32-bit integer
     7 00000007 3930000000000000            qNum1          dq 12345       ; 64-bit integer
     8 0000000F 50455254FB210940            qNum2          dq 3.141592654 ; 64-bit floating point
     9 00000017 61626300                    text1          db "abc", 0    ; Pointer to 1st character in string
    10 0000001B 63646500                    text2          db "cde", 0    ; Pointer to 1st character in string
    11 0000001F 0000<rep 5h>                wArray times 5 dw 0           ; Array of 5 words (all entries are 0)
    12                                  section .bss                      ; Uninitialized data section
    13 00000000 ??                          bVar           resb 1         ;
    14 00000001 <res 14h>                   wVar           resw 10        ;
    15 00000015 ????????                    dVar           resd 1         ;
    16 00000019 <res 18h>                   qVar           resq 3         ;
    17                                  section .text
    18                                      global main
    19                                  main:
    20 00000000 55                          push rbp
    21 00000001 4889E5                      mov  rbp, rsp
    22 00000004 488D0425[00000000]          lea  rax, [bNum]    ; Load addr. of bNum in rax
    23 0000000C 48B8-                       mov  rax, bNum      ; Load addr. of bNum in rax
    23 0000000E [0000000000000000] 
    24 00000016 488B0425[00000000]          mov  rax, [bNum]    ; Load value at bNum in rax
    25 0000001E 48890425[00000000]          mov  [bVar], rax    ; Load fromm rax at addr. of bVar
    26 00000026 488D0425[00000000]          lea  rax, [bVar]    ; Load addr. of bVar in rax
    27 0000002E 488D0425[01000000]          lea  rax, [wNum]    ; Load addr. of wNum in rax
    28 00000036 488B0425[01000000]          mov  rax, [wNum]    ; Load value at wNum in rax
    29 0000003E 488D0425[17000000]          lea  rax, [text1]   ; Load addr. of text1 in rax
    30 00000046 48B8-                       mov  rax, text1     ; Load addr. of text1 in rax
    30 00000048 [1700000000000000] 
    31 00000050 48B8-                       mov  rax, text1+1   ; Load addr. of 2nd char of text1 in rax
    31 00000052 [1800000000000000] 
    32 0000005A 488D0425[18000000]          lea  rax, [text1+1] ; Load addr. of 2nd char of text1 in rax
    33 00000062 488B0425[17000000]          mov  rax, [text1]   ; Load 1st character of text1 in rax
    34 0000006A 488B0425[18000000]          mov  rax, [text1+1] ; Load 2nd character of text1 in rax
    35 00000072 4889EC                      mov  rsp, rbp
    36 00000075 5D                          pop  rbp
    37 00000076 C3                          ret
